exports[`extractor with no RT features should parse folders 1`] = `
Object {
  "childrenFolderPaths": Array [
    "-/test/exampleSnapshots/a/éxtra",
  ],
  "dirty": false,
  "filePaths": Array [
    "-/test/exampleSnapshots/a/010-ápp.test.js.snap",
    "-/test/exampleSnapshots/a/050-header.test.js.snap",
    "-/test/exampleSnapshots/a/060-translator.test.js.snap",
    "-/test/exampleSnapshots/a/061-translatorRow.test.js.snap",
    "-/test/exampleSnapshots/a/062-translation.test.js.snap",
    "-/test/exampleSnapshots/a/070-details.test.js.snap",
    "-/test/exampleSnapshots/a/080-settings.test.js.snap",
  ],
  "folderPath": "-/test/exampleSnapshots/a",
  "parentFolderPath": "-",
}
`;

exports[`extractor with no RT features should parse folders 2`] = `
Object {
  "childrenFolderPaths": Array [
    "-/test/exampleSnapshots/a",
    "-/test/exampleSnapshots/b/b2",
    "-/test/exampleSnapshots/with spaces",
  ],
  "dirty": false,
  "filePaths": Array [
    "-/example.js.snap",
  ],
  "folderPath": "-",
  "parentFolderPath": null,
}
`;

exports[`extractor with no RT features should parse folders 3`] = `
Object {
  "App changes the selected key when clicked 1": Object {
    "css": Array [
      "/* Common CSS for tests */
body { color: aliceblue; }
",
    ],
    "deleted": false,
    "dirty": false,
    "html": "
  <div
    style=\"background-color:white;display:flex;flex-direction:column;min-height:100%;padding:0px 10px;\">
    <div
      class=\"giu-floats\"
      style=\"height:0;left:0;position:absolute;top:0;width:0;\">
    </div>
    <div
      class=\"giu-notifications\"
      style=\"bottom:20px;max-width:350px;position:fixed;right:20px;z-index:9000;\">
    </div>
    <div
      class=\"giu-hints\">
      <div
        class=\"giu-hint-screen\"
        style=\"height:100vh;left:0;position:fixed;top:0;width:100vw;z-index:50;\">
        <div
          class=\"giu-backdrop\"
          style=\"background-color:black;cursor:pointer;height:100vh;left:0;opacity:0.6;position:fixed;top:0;width:100vw;\">

        </div>
        <div
          style=\"color:white;font-family:\"Gloria Hallelujah\", sans-serif;font-size:20px;\">
          <div
            style=\"border:1px solid white;border-radius:8px;bottom:20px;cursor:pointer;padding:5px 25px;position:fixed;right:20px;\">
            Enjoy translating!
          </div>
        </div>
      </div>
    </div>
    <div
      dataMockType=\"Header\">
      Header
    </div>
    <div
      dataMockType=\"Translator\"
      lang=\"en\"
      selectedKeyId=\"SELECTED_KEY\">
      Translator
    </div>
    <div
      dataMockType=\"Details\"
      lang=\"en\"
      selectedKeyId=\"SELECTED_KEY\">
      Details
    </div>
  </div>
",
    "id": "App changes the selected key when clicked 1",
    "snap": "
<div
  style={
    Object {
      \"backgroundColor\": \"white\",
      \"display\": \"flex\",
      \"flexDirection\": \"column\",
      \"minHeight\": \"100%\",
      \"padding\": \"0px 10px\",
    }
  }>
  <div
    className=\"giu-floats\"
    style={
      Object {
        \"height\": 0,
        \"left\": 0,
        \"position\": \"absolute\",
        \"top\": 0,
        \"width\": 0,
      }
    } />
  <div
    className=\"giu-notifications\"
    style={
      Object {
        \"bottom\": 20,
        \"maxWidth\": 350,
        \"position\": \"fixed\",
        \"right\": 20,
        \"zIndex\": 9000,
      }
    } />
  <div
    className=\"giu-hints\">
    <div
      className=\"giu-hint-screen\"
      onClick={[Function]}
      style={
        Object {
          \"height\": \"100vh\",
          \"left\": 0,
          \"position\": \"fixed\",
          \"top\": 0,
          \"width\": \"100vw\",
          \"zIndex\": 50,
        }
      }>
      <div
        className=\"giu-backdrop\"
        onTouchMove={[Function]}
        onWheel={[Function]}
        style={
          Object {
            \"backgroundColor\": \"black\",
            \"cursor\": \"pointer\",
            \"height\": \"100vh\",
            \"left\": 0,
            \"opacity\": 0.6,
            \"position\": \"fixed\",
            \"top\": 0,
            \"width\": \"100vw\",
          }
        } />
      <div
        style={
          Object {
            \"color\": \"white\",
            \"fontFamily\": \"\"Gloria Hallelujah\", sans-serif\",
            \"fontSize\": 20,
          }
        }>
        <div
          style={
            Object {
              \"border\": \"1px solid white\",
              \"borderRadius\": 8,
              \"bottom\": 20,
              \"cursor\": \"pointer\",
              \"padding\": \"5px 25px\",
              \"position\": \"fixed\",
              \"right\": 20,
            }
          }>
          Enjoy translating!
        </div>
      </div>
    </div>
  </div>
  <div
    dataMockType=\"Header\"
    onShowSettings={[Function]}>
    Header
  </div>
  <div
    changeSelectedKey={[Function]}
    dataMockType=\"Translator\"
    lang=\"en\"
    selectedKeyId=\"SELECTED_KEY\"
    viewer={
      Object {
        \"config\": Object {
          \"langs\": Array [
            \"es\",
            \"ca\",
            \"en\",
          ],
        },
        \"id\": \"me\",
        \"keys\": Object {
          \"edges\": Array [],
        },
      }
    }>
    Translator
  </div>
  <div
    dataMockType=\"Details\"
    lang=\"en\"
    selectedKeyId=\"SELECTED_KEY\"
    viewer={
      Object {
        \"config\": Object {
          \"langs\": Array [
            \"es\",
            \"ca\",
            \"en\",
          ],
        },
        \"id\": \"me\",
        \"keys\": Object {
          \"edges\": Array [],
        },
      }
    }>
    Details
  </div>
</div>
",
  },
  "App renders correctly with no content 1": Object {
    "css": Array [
      "/* Common CSS for tests */
body { color: aliceblue; }
",
    ],
    "deleted": false,
    "dirty": false,
    "html": "
  <div
    style=\"background-color:white;display:flex;flex-direction:column;min-height:100%;padding:0px 10px;\">
    <div
      class=\"giu-floats\"
      style=\"height:0;left:0;position:absolute;top:0;width:0;\">
    </div>
    <div
      class=\"giu-notifications\"
      style=\"bottom:20px;max-width:350px;position:fixed;right:20px;z-index:9000;\">
    </div>
    <div
      class=\"giu-hints\">
      <div
        class=\"giu-hint-screen\"
        style=\"height:100vh;left:0;position:fixed;top:0;width:100vw;z-index:50;\">
        <div
          class=\"giu-backdrop\"
          style=\"background-color:black;cursor:pointer;height:100vh;left:0;opacity:0.6;position:fixed;top:0;width:100vw;\">

        </div>
        <div
          style=\"color:white;font-family:\"Gloria Hallelujah\", sans-serif;font-size:20px;\">
          <div
            style=\"border:1px solid white;border-radius:8px;bottom:20px;cursor:pointer;padding:5px 25px;position:fixed;right:20px;\">
            Enjoy translating!
          </div>
        </div>
      </div>
    </div>
    <div
      dataMockType=\"Header\">
      Header
    </div>
    <div
      dataMockType=\"Translator\"
      lang=\"en\">
      Translator
    </div>
    <div
      dataMockType=\"Details\"
      lang=\"en\">
      Details
    </div>
  </div>
",
    "id": "App renders correctly with no content 1",
    "snap": "
<div
  style={
    Object {
      \"backgroundColor\": \"white\",
      \"display\": \"flex\",
      \"flexDirection\": \"column\",
      \"minHeight\": \"100%\",
      \"padding\": \"0px 10px\",
    }
  }>
  <div
    className=\"giu-floats\"
    style={
      Object {
        \"height\": 0,
        \"left\": 0,
        \"position\": \"absolute\",
        \"top\": 0,
        \"width\": 0,
      }
    } />
  <div
    className=\"giu-notifications\"
    style={
      Object {
        \"bottom\": 20,
        \"maxWidth\": 350,
        \"position\": \"fixed\",
        \"right\": 20,
        \"zIndex\": 9000,
      }
    } />
  <div
    className=\"giu-hints\">
    <div
      className=\"giu-hint-screen\"
      onClick={[Function]}
      style={
        Object {
          \"height\": \"100vh\",
          \"left\": 0,
          \"position\": \"fixed\",
          \"top\": 0,
          \"width\": \"100vw\",
          \"zIndex\": 50,
        }
      }>
      <div
        className=\"giu-backdrop\"
        onTouchMove={[Function]}
        onWheel={[Function]}
        style={
          Object {
            \"backgroundColor\": \"black\",
            \"cursor\": \"pointer\",
            \"height\": \"100vh\",
            \"left\": 0,
            \"opacity\": 0.6,
            \"position\": \"fixed\",
            \"top\": 0,
            \"width\": \"100vw\",
          }
        } />
      <div
        style={
          Object {
            \"color\": \"white\",
            \"fontFamily\": \"\"Gloria Hallelujah\", sans-serif\",
            \"fontSize\": 20,
          }
        }>
        <div
          style={
            Object {
              \"border\": \"1px solid white\",
              \"borderRadius\": 8,
              \"bottom\": 20,
              \"cursor\": \"pointer\",
              \"padding\": \"5px 25px\",
              \"position\": \"fixed\",
              \"right\": 20,
            }
          }>
          Enjoy translating!
        </div>
      </div>
    </div>
  </div>
  <div
    dataMockType=\"Header\"
    onShowSettings={[Function]}>
    Header
  </div>
  <div
    changeSelectedKey={[Function]}
    dataMockType=\"Translator\"
    lang=\"en\"
    selectedKeyId={null}
    viewer={
      Object {
        \"config\": Object {
          \"langs\": Array [
            \"es\",
            \"ca\",
            \"en\",
          ],
        },
        \"id\": \"me\",
        \"keys\": Object {
          \"edges\": Array [],
        },
      }
    }>
    Translator
  </div>
  <div
    dataMockType=\"Details\"
    lang=\"en\"
    selectedKeyId={null}
    viewer={
      Object {
        \"config\": Object {
          \"langs\": Array [
            \"es\",
            \"ca\",
            \"en\",
          ],
        },
        \"id\": \"me\",
        \"keys\": Object {
          \"edges\": Array [],
        },
      }
    }>
    Details
  </div>
</div>
",
  },
  "App shows the settings when clicked 1": Object {
    "css": Array [
      "/* Common CSS for tests */
body { color: aliceblue; }
",
    ],
    "deleted": false,
    "dirty": false,
    "html": "
  <div
    style=\"background-color:white;display:flex;flex-direction:column;min-height:100%;padding:0px 10px;\">
    <div
      class=\"giu-floats\"
      style=\"height:0;left:0;position:absolute;top:0;width:0;\">
    </div>
    <div
      class=\"giu-notifications\"
      style=\"bottom:20px;max-width:350px;position:fixed;right:20px;z-index:9000;\">
    </div>
    <div
      class=\"giu-hints\">
      <div
        class=\"giu-hint-screen\"
        style=\"height:100vh;left:0;position:fixed;top:0;width:100vw;z-index:50;\">
        <div
          class=\"giu-backdrop\"
          style=\"background-color:black;cursor:pointer;height:100vh;left:0;opacity:0.6;position:fixed;top:0;width:100vw;\">

        </div>
        <div
          style=\"color:white;font-family:\"Gloria Hallelujah\", sans-serif;font-size:20px;\">
          <div
            style=\"border:1px solid white;border-radius:8px;bottom:20px;cursor:pointer;padding:5px 25px;position:fixed;right:20px;\">
            Enjoy translating!
          </div>
        </div>
      </div>
    </div>
    <div
      dataMockType=\"Header\">
      Header
    </div>
    <div
      dataMockType=\"Translator\"
      lang=\"en\">
      Translator
    </div>
    <div
      dataMockType=\"Details\"
      lang=\"en\">
      Details
    </div>
    <div
      dataMockType=\"Settings\"
      lang=\"en\">
      Settings
    </div>
  </div>
",
    "id": "App shows the settings when clicked 1",
    "snap": "
<div
  style={
    Object {
      \"backgroundColor\": \"white\",
      \"display\": \"flex\",
      \"flexDirection\": \"column\",
      \"minHeight\": \"100%\",
      \"padding\": \"0px 10px\",
    }
  }>
  <div
    className=\"giu-floats\"
    style={
      Object {
        \"height\": 0,
        \"left\": 0,
        \"position\": \"absolute\",
        \"top\": 0,
        \"width\": 0,
      }
    } />
  <div
    className=\"giu-notifications\"
    style={
      Object {
        \"bottom\": 20,
        \"maxWidth\": 350,
        \"position\": \"fixed\",
        \"right\": 20,
        \"zIndex\": 9000,
      }
    } />
  <div
    className=\"giu-hints\">
    <div
      className=\"giu-hint-screen\"
      onClick={[Function]}
      style={
        Object {
          \"height\": \"100vh\",
          \"left\": 0,
          \"position\": \"fixed\",
          \"top\": 0,
          \"width\": \"100vw\",
          \"zIndex\": 50,
        }
      }>
      <div
        className=\"giu-backdrop\"
        onTouchMove={[Function]}
        onWheel={[Function]}
        style={
          Object {
            \"backgroundColor\": \"black\",
            \"cursor\": \"pointer\",
            \"height\": \"100vh\",
            \"left\": 0,
            \"opacity\": 0.6,
            \"position\": \"fixed\",
            \"top\": 0,
            \"width\": \"100vw\",
          }
        } />
      <div
        style={
          Object {
            \"color\": \"white\",
            \"fontFamily\": \"\"Gloria Hallelujah\", sans-serif\",
            \"fontSize\": 20,
          }
        }>
        <div
          style={
            Object {
              \"border\": \"1px solid white\",
              \"borderRadius\": 8,
              \"bottom\": 20,
              \"cursor\": \"pointer\",
              \"padding\": \"5px 25px\",
              \"position\": \"fixed\",
              \"right\": 20,
            }
          }>
          Enjoy translating!
        </div>
      </div>
    </div>
  </div>
  <div
    dataMockType=\"Header\"
    onShowSettings={[Function]}>
    Header
  </div>
  <div
    changeSelectedKey={[Function]}
    dataMockType=\"Translator\"
    lang=\"en\"
    selectedKeyId={null}
    viewer={
      Object {
        \"config\": Object {
          \"langs\": Array [
            \"es\",
            \"ca\",
            \"en\",
          ],
        },
        \"id\": \"me\",
        \"keys\": Object {
          \"edges\": Array [],
        },
      }
    }>
    Translator
  </div>
  <div
    dataMockType=\"Details\"
    lang=\"en\"
    selectedKeyId={null}
    viewer={
      Object {
        \"config\": Object {
          \"langs\": Array [
            \"es\",
            \"ca\",
            \"en\",
          ],
        },
        \"id\": \"me\",
        \"keys\": Object {
          \"edges\": Array [],
        },
      }
    }>
    Details
  </div>
  <div
    dataMockType=\"Settings\"
    lang=\"en\"
    onChangeLang={[Function]}
    onClose={[Function]}
    viewer={
      Object {
        \"config\": Object {
          \"langs\": Array [
            \"es\",
            \"ca\",
            \"en\",
          ],
        },
        \"id\": \"me\",
        \"keys\": Object {
          \"edges\": Array [],
        },
      }
    }>
    Settings
  </div>
</div>
",
  },
  "App shows the settings when clicked 2": Object {
    "css": Array [
      "/* Common CSS for tests */
body { color: aliceblue; }
",
    ],
    "deleted": false,
    "dirty": false,
    "html": "
  <div
    style=\"background-color:white;display:flex;flex-direction:column;min-height:100%;padding:0px 10px;\">
    <div
      class=\"giu-floats\"
      style=\"height:0;left:0;position:absolute;top:0;width:0;\">
    </div>
    <div
      class=\"giu-notifications\"
      style=\"bottom:20px;max-width:350px;position:fixed;right:20px;z-index:9000;\">
    </div>
    <div
      class=\"giu-hints\">
      <div
        class=\"giu-hint-screen\"
        style=\"height:100vh;left:0;position:fixed;top:0;width:100vw;z-index:50;\">
        <div
          class=\"giu-backdrop\"
          style=\"background-color:black;cursor:pointer;height:100vh;left:0;opacity:0.6;position:fixed;top:0;width:100vw;\">

        </div>
        <div
          style=\"color:white;font-family:\"Gloria Hallelujah\", sans-serif;font-size:20px;\">
          <div
            style=\"border:1px solid white;border-radius:8px;bottom:20px;cursor:pointer;padding:5px 25px;position:fixed;right:20px;\">
            Enjoy translating!
          </div>
        </div>
      </div>
    </div>
    <div
      dataMockType=\"Header\">
      Header
    </div>
    <div
      dataMockType=\"Translator\"
      lang=\"en\">
      Translator
    </div>
    <div
      dataMockType=\"Details\"
      lang=\"en\">
      Details
    </div>
  </div>
",
    "id": "App shows the settings when clicked 2",
    "snap": "
<div
  style={
    Object {
      \"backgroundColor\": \"white\",
      \"display\": \"flex\",
      \"flexDirection\": \"column\",
      \"minHeight\": \"100%\",
      \"padding\": \"0px 10px\",
    }
  }>
  <div
    className=\"giu-floats\"
    style={
      Object {
        \"height\": 0,
        \"left\": 0,
        \"position\": \"absolute\",
        \"top\": 0,
        \"width\": 0,
      }
    } />
  <div
    className=\"giu-notifications\"
    style={
      Object {
        \"bottom\": 20,
        \"maxWidth\": 350,
        \"position\": \"fixed\",
        \"right\": 20,
        \"zIndex\": 9000,
      }
    } />
  <div
    className=\"giu-hints\">
    <div
      className=\"giu-hint-screen\"
      onClick={[Function]}
      style={
        Object {
          \"height\": \"100vh\",
          \"left\": 0,
          \"position\": \"fixed\",
          \"top\": 0,
          \"width\": \"100vw\",
          \"zIndex\": 50,
        }
      }>
      <div
        className=\"giu-backdrop\"
        onTouchMove={[Function]}
        onWheel={[Function]}
        style={
          Object {
            \"backgroundColor\": \"black\",
            \"cursor\": \"pointer\",
            \"height\": \"100vh\",
            \"left\": 0,
            \"opacity\": 0.6,
            \"position\": \"fixed\",
            \"top\": 0,
            \"width\": \"100vw\",
          }
        } />
      <div
        style={
          Object {
            \"color\": \"white\",
            \"fontFamily\": \"\"Gloria Hallelujah\", sans-serif\",
            \"fontSize\": 20,
          }
        }>
        <div
          style={
            Object {
              \"border\": \"1px solid white\",
              \"borderRadius\": 8,
              \"bottom\": 20,
              \"cursor\": \"pointer\",
              \"padding\": \"5px 25px\",
              \"position\": \"fixed\",
              \"right\": 20,
            }
          }>
          Enjoy translating!
        </div>
      </div>
    </div>
  </div>
  <div
    dataMockType=\"Header\"
    onShowSettings={[Function]}>
    Header
  </div>
  <div
    changeSelectedKey={[Function]}
    dataMockType=\"Translator\"
    lang=\"en\"
    selectedKeyId={null}
    viewer={
      Object {
        \"config\": Object {
          \"langs\": Array [
            \"es\",
            \"ca\",
            \"en\",
          ],
        },
        \"id\": \"me\",
        \"keys\": Object {
          \"edges\": Array [],
        },
      }
    }>
    Translator
  </div>
  <div
    dataMockType=\"Details\"
    lang=\"en\"
    selectedKeyId={null}
    viewer={
      Object {
        \"config\": Object {
          \"langs\": Array [
            \"es\",
            \"ca\",
            \"en\",
          ],
        },
        \"id\": \"me\",
        \"keys\": Object {
          \"edges\": Array [],
        },
      }
    }>
    Details
  </div>
</div>
",
  },
  "__deleted": false,
  "__dirty": false,
  "__folderPath": "-",
}
`;
